// Jest Snapshot v1, https://goo.gl/fbAQLP

exports[`NewStudentForm renders correctly 1`] = `
<withState(withState(withState(withHandlers(mapProps(NewStudentForm)))))
  italkiId={null}
  onClose={[Function]}
  onEmailChange={[Function]}
  onItalkiIdChange={[Function]}
  onSave={[Function]}
  onSkypeChange={[Function]}
  onWechatChange={[Function]}
  open={true}
  setItalkiId={[Function]}
  viewerId="12345"
/>
`;
