// Jest Snapshot v1, https://goo.gl/fbAQLP

exports[`NewStudentForm renders correctly 1`] = `
<WithStyles(Dialog)
  onClose={[Function]}
  open={true}
>
  <WithStyles(DialogTitle)
    id="form-dialog-title"
  >
    New Student
  </WithStyles(DialogTitle)>
  <WithStyles(DialogContent)
    style={
      Object {
        "display": "flex",
      }
    }
  >
    <div
      style={
        Object {
          "flex": 1,
        }
      }
    >
      <TextField
        autoFocus={true}
        fullWidth={true}
        id="italkiId"
        label="Italki ID"
        margin="dense"
        onChange={[Function]}
        required={false}
        select={false}
      />
      <TextField
        fullWidth={true}
        id="email"
        label="Email Address (Optional)"
        margin="dense"
        onChange={[Function]}
        required={false}
        select={false}
        type="email"
      />
      <TextField
        fullWidth={true}
        id="skype"
        label="Skype Account (Optional)"
        margin="dense"
        onChange={[Function]}
        required={false}
        select={false}
      />
      <TextField
        fullWidth={true}
        id="wechat"
        label="WeChat Account (Optional)"
        margin="dense"
        onChange={[Function]}
        required={false}
        select={false}
      />
    </div>
    <div
      style={
        Object {
          "height": 200,
          "margin": 20,
          "width": 200,
        }
      }
    >
      <UserAvatar
        userId={1}
      />
    </div>
  </WithStyles(DialogContent)>
  <WithStyles(DialogActions)>
    <WithStyles(Button)
      color="primary"
      onClick={[Function]}
    >
      Cancel
    </WithStyles(Button)>
    <WithStyles(Button)
      color="primary"
      onClick={[Function]}
    >
      Save
    </WithStyles(Button)>
  </WithStyles(DialogActions)>
</WithStyles(Dialog)>
`;
