// Jest Snapshot v1, https://goo.gl/fbAQLP

exports[`StudentCard renders correctly 1`] = `
<WithStyles(Paper)>
  <WithStyles(Card)
    style={
      Object {
        "height": 450,
        "width": 300,
      }
    }
  >
    <WithStyles(CardMedia)
      image="http://getdrawings.com/img/male-silhouette-images-2.jpg"
      style={
        Object {
          "height": 300,
        }
      }
    />
    <WithStyles(CardContent)>
      <WithStyles(Typography)
        component="h2"
        gutterBottom={true}
        variant="headline"
      >
        Etienne
      </WithStyles(Typography)>
      <WithStyles(Typography)
        component="p"
      >
        <pure(LocationOn) />
        Montreal, Canada
      </WithStyles(Typography)>
    </WithStyles(CardContent)>
    <WithStyles(CardActions)>
      <WithStyles(Button)
        color="primary"
        size="small"
      >
        Cancel
      </WithStyles(Button)>
      <WithStyles(Button)
        color="primary"
        size="small"
      >
        OK
      </WithStyles(Button)>
    </WithStyles(CardActions)>
  </WithStyles(Card)>
</WithStyles(Paper)>
`;
