// Jest Snapshot v1, https://goo.gl/fbAQLP

exports[`StudentList renders correctly 1`] = `
<div>
  <WithStyles(Typography)
    style={
      Object {
        "marginBottom": 25,
        "marginTop": 25,
      }
    }
    variant="title"
  >
    Students
  </WithStyles(Typography)>
  <GridWrapper
    container={true}
    spacing={16}
    style={
      Object {
        "margin": 5,
      }
    }
  >
    <GridWrapper
      item={true}
      key="1"
    >
      <StudentCard
        student={
          Object {
            "italkiId": 1,
            "languageSkills": Array [
              Object {
                "language": "English",
                "level": 1,
              },
            ],
            "learningLanguages": Array [],
            "location": "Montreal, Canada",
            "name": "Etienne",
            "sex": "Male",
          }
        }
      />
    </GridWrapper>
  </GridWrapper>
  <Connect(withState(withState(withState(withState(withHandlers(NewStudentForm))))))
    onClose={[Function]}
    open={true}
  />
  <AddStudentButton
    onClick={[Function]}
    style={
      Object {
        "bottom": 24,
        "position": "fixed",
        "right": 24,
      }
    }
  />
</div>
`;
