// Jest Snapshot v1, https://goo.gl/fbAQLP

exports[`StudentList renders correctly 1`] = `
<div
  style={
    Object {
      "flex": 1,
    }
  }
>
  <WithStyles(Typography)
    style={
      Object {
        "marginBottom": 25,
        "marginTop": 25,
      }
    }
    variant="title"
  >
    Students
  </WithStyles(Typography)>
  <GridWrapper
    container={true}
    spacing={16}
    style={
      Object {
        "margin": 5,
      }
    }
  >
    <StudentCard
      key="1"
      student={
        Object {
          "firstName": "FirstName",
          "id": 1,
          "lastName": "LastName",
          "photoUrl": "http://education.mnhs.org/immigration/sites/education.mnhs.org.immigration/files/imagecache/Full_800x800/MaleSilhouette_5.png",
        }
      }
    />
  </GridWrapper>
  <AddStudentButton
    style={
      Object {
        "bottom": 24,
        "position": "absolute",
        "right": 24,
      }
    }
  />
</div>
`;
