// Jest Snapshot v1, https://goo.gl/fbAQLP

exports[`StudentCard renders correctly 1`] = `
<WithStyles(Paper)
  style={
    Object {
      "height": "100%",
      "width": "100%",
    }
  }
>
  <WithStyles(Card)
    style={
      Object {
        "height": "100%",
        "width": "100%",
      }
    }
  >
    <WithStyles(CardMedia)
      image="https://avatarurll.com"
      style={
        Object {
          "height": 250,
        }
      }
    />
    <WithStyles(CardContent)>
      <WithStyles(Typography)
        component="h2"
        gutterBottom={true}
        style={
          Object {
            "overflow": "hidden",
            "textOverflow": "ellipsis",
            "whiteSpace": "nowrap",
          }
        }
        variant="headline"
      >
        dummy
      </WithStyles(Typography)>
      <WithStyles(Typography)
        component="p"
        style={
          Object {
            "overflow": "hidden",
            "textOverflow": "ellipsis",
            "whiteSpace": "nowrap",
          }
        }
      >
        <pure(School)
          style={
            Object {
              "marginRight": 10,
            }
          }
        />
        <span>
          Learning: 
        </span>
        <span
          key="1"
        >
          spanish
          , 
        </span>
        <span
          key="2"
        >
          english
        </span>
      </WithStyles(Typography)>
    </WithStyles(CardContent)>
  </WithStyles(Card)>
</WithStyles(Paper)>
`;
